../Core/Inc/cbus.h:65:26:CBUS_BUSY	16	static
../Core/Inc/cbus.h:69:26:CBUS_RX_FIFO_NOT_EMPTY_CHECK	16	static
../Core/Inc/cbus.h:91:26:CBUS_TX_BUFFER_EMPTY_CHECK	16	static
../Core/Inc/cbus.h:96:24:swap_uint16	16	static
../Core/Src/cbus.c:4:6:CBUS_INIT	8	static
../Core/Src/cbus.c:15:6:enable_clock_gpio_spi	4	static
../Core/Src/cbus.c:21:6:set_cbus_pins	4	static
../Core/Src/cbus.c:88:6:set_spi_portg_alternate_fun6	4	static
../Core/Src/cbus.c:100:6:CBUS_CHIP_SElECT_LOW	4	static
../Core/Src/cbus.c:105:6:CBUS_CHIP_SElECT_HIGH	4	static
../Core/Src/cbus.c:111:6:CBUS_CHIP_SElECT_OUPUT_CODEC_LOW	4	static
../Core/Src/cbus.c:115:6:CBUS_CHIP_SElECT_OUPUT_CODEC_HIGH	4	static
../Core/Src/cbus.c:121:6:Cbus_Config	16	static
../Core/Src/cbus.c:177:9:Cbus_Read_Byte	24	static
../Core/Src/cbus.c:212:6:Cbus_Read_Byte_stream	32	static,ignoring_inline_asm
../Core/Src/cbus.c:257:10:Cbus_Read_Word	24	static,ignoring_inline_asm
../Core/Src/cbus.c:312:6:Cbus_Write_Byte_stream	32	static
../Core/Src/cbus.c:345:7:CbusWriteByte	32	static
../Core/Src/cbus.c:390:6:CbusWriteRegister	24	static,ignoring_inline_asm
../Core/Src/cbus.c:438:6:Cbus_Write_no_data	16	static
../Core/Src/cbus.c:468:6:CBUS_SendFrame	16	static
../Core/Src/cbus.c:502:10:CBUS_ReceiveFrame	16	static
