../Core/Inc/cbus.h:101:20:CBUS_ENABLE	16	static
../Core/Src/main.c:71:6:sum	16	static
../Core/Src/main.c:99:5:main	16	static
../Core/Src/main.c:271:6:SystemClock_Config	96	static
../Core/Src/main.c:335:13:MX_LPUART1_UART_Init	8	static
../Core/Src/main.c:369:13:MX_SPI1_Init	8	static
../Core/Src/main.c:409:13:MX_USB_OTG_FS_PCD_Init	8	static
../Core/Src/main.c:444:13:MX_GPIO_Init	48	static
../Core/Src/main.c:493:6:CODEC1_REG_SET	8	static
../Core/Src/main.c:532:6:OUTPUT_CODEC_RED_SET	8	static
../Core/Src/main.c:577:6:Error_Handler	4	static,ignoring_inline_asm
